../Core/Src/main.c:94:7:Read_Temperature	24	static
../Core/Src/main.c:111:6:LSM303DLHC_WriteReg	32	static
../Core/Src/main.c:117:9:LSM303DLHC_ReadReg	40	static
../Core/Src/main.c:124:6:LSM303DLHC_Init	8	static
../Core/Src/main.c:137:6:LSM303DLHC_ReadAccel	48	static
../Core/Src/main.c:152:6:LSM303DLHC_ReadAccel_G	32	static
../Core/Src/main.c:165:7:Process_Steps	40	static
../Core/Src/main.c:211:6:ESP_Test_AT	4	static
../Core/Src/main.c:221:5:main	152	static
../Core/Src/main.c:315:6:SystemClock_Config	128	static
../Core/Src/main.c:369:13:MX_ADC1_Init	48	static
../Core/Src/main.c:435:13:MX_I2C1_Init	8	static
../Core/Src/main.c:483:13:MX_SPI1_Init	8	static
../Core/Src/main.c:523:13:MX_USART1_UART_Init	8	static
../Core/Src/main.c:558:13:MX_USART2_UART_Init	8	static
../Core/Src/main.c:593:13:MX_USB_PCD_Init	8	static
../Core/Src/main.c:624:13:MX_GPIO_Init	48	static
../Core/Src/main.c:681:6:Error_Handler	4	static,ignoring_inline_asm
