../Core/Src/main.c:93:6:ESP_SendHTTPPost	648	static
../Core/Src/main.c:159:7:Read_Temperature	24	static
../Core/Src/main.c:176:6:LSM303DLHC_WriteReg	32	static
../Core/Src/main.c:182:9:LSM303DLHC_ReadReg	40	static
../Core/Src/main.c:189:6:LSM303DLHC_Init	8	static
../Core/Src/main.c:199:6:LSM303DLHC_ReadAccel	48	static
../Core/Src/main.c:214:6:LSM303DLHC_ReadAccel_G	32	static
../Core/Src/main.c:226:7:Process_Steps	40	static
../Core/Src/main.c:273:5:main	168	static
../Core/Src/main.c:387:6:SystemClock_Config	128	static
../Core/Src/main.c:441:13:MX_ADC1_Init	48	static
../Core/Src/main.c:507:13:MX_I2C1_Init	8	static
../Core/Src/main.c:555:13:MX_SPI1_Init	8	static
../Core/Src/main.c:595:13:MX_USART1_UART_Init	8	static
../Core/Src/main.c:630:13:MX_USART2_UART_Init	8	static
../Core/Src/main.c:665:13:MX_USB_PCD_Init	8	static
../Core/Src/main.c:696:13:MX_GPIO_Init	48	static
../Core/Src/main.c:753:6:Error_Handler	4	static,ignoring_inline_asm
